../Drivers/STM32F4xx_HAL_Driver/Src/stm32f4xx_hal_dac.c:271:19:HAL_DAC_Init	16	static
../Drivers/STM32F4xx_HAL_Driver/Src/stm32f4xx_hal_dac.c:332:19:HAL_DAC_DeInit	16	static
../Drivers/STM32F4xx_HAL_Driver/Src/stm32f4xx_hal_dac.c:377:13:HAL_DAC_MspInit	16	static
../Drivers/STM32F4xx_HAL_Driver/Src/stm32f4xx_hal_dac.c:393:13:HAL_DAC_MspDeInit	16	static
../Drivers/STM32F4xx_HAL_Driver/Src/stm32f4xx_hal_dac.c:435:19:HAL_DAC_Start	16	static
../Drivers/STM32F4xx_HAL_Driver/Src/stm32f4xx_hal_dac.c:496:19:HAL_DAC_Stop	16	static
../Drivers/STM32F4xx_HAL_Driver/Src/stm32f4xx_hal_dac.c:534:19:HAL_DAC_Start_DMA	32	static
../Drivers/STM32F4xx_HAL_Driver/Src/stm32f4xx_hal_dac.c:670:19:HAL_DAC_Stop_DMA	16	static
../Drivers/STM32F4xx_HAL_Driver/Src/stm32f4xx_hal_dac.c:724:6:HAL_DAC_IRQHandler	24	static
../Drivers/STM32F4xx_HAL_Driver/Src/stm32f4xx_hal_dac.c:800:19:HAL_DAC_SetValue	32	static
../Drivers/STM32F4xx_HAL_Driver/Src/stm32f4xx_hal_dac.c:840:13:HAL_DAC_ConvCpltCallbackCh1	16	static
../Drivers/STM32F4xx_HAL_Driver/Src/stm32f4xx_hal_dac.c:856:13:HAL_DAC_ConvHalfCpltCallbackCh1	16	static
../Drivers/STM32F4xx_HAL_Driver/Src/stm32f4xx_hal_dac.c:872:13:HAL_DAC_ErrorCallbackCh1	16	static
../Drivers/STM32F4xx_HAL_Driver/Src/stm32f4xx_hal_dac.c:888:13:HAL_DAC_DMAUnderrunCallbackCh1	16	static
../Drivers/STM32F4xx_HAL_Driver/Src/stm32f4xx_hal_dac.c:927:10:HAL_DAC_GetValue	24	static
../Drivers/STM32F4xx_HAL_Driver/Src/stm32f4xx_hal_dac.c:962:19:HAL_DAC_ConfigChannel	40	static
../Drivers/STM32F4xx_HAL_Driver/Src/stm32f4xx_hal_dac.c:1038:22:HAL_DAC_GetState	16	static
../Drivers/STM32F4xx_HAL_Driver/Src/stm32f4xx_hal_dac.c:1051:10:HAL_DAC_GetError	16	static
../Drivers/STM32F4xx_HAL_Driver/Src/stm32f4xx_hal_dac.c:1323:6:DAC_DMAConvCpltCh1	24	static
../Drivers/STM32F4xx_HAL_Driver/Src/stm32f4xx_hal_dac.c:1342:6:DAC_DMAHalfConvCpltCh1	24	static
../Drivers/STM32F4xx_HAL_Driver/Src/stm32f4xx_hal_dac.c:1359:6:DAC_DMAErrorCh1	24	static
