../Core/Src/main.c:139:6:map	24	static
../Core/Src/main.c:143:6:hareket	16	static
../Core/Src/main.c:199:6:HAL_GPIO_EXTI_Callback	16	static
../Core/Src/main.c:270:6:hareket_baslat	8	static
../Core/Src/main.c:281:6:HAL_ADC_ConvCpltCallback	24	static
../Core/Src/main.c:330:5:main	8	static
../Core/Src/main.c:400:6:SystemClock_Config	88	static
../Core/Src/main.c:446:13:MX_ADC1_Init	56	static
../Core/Src/main.c:515:13:MX_ADC2_Init	24	static
../Core/Src/main.c:567:13:MX_CAN1_Init	8	static
../Core/Src/main.c:604:13:MX_DAC_Init	16	static
../Core/Src/main.c:644:13:MX_TIM1_Init	80	static
../Core/Src/main.c:717:13:MX_TIM2_Init	48	static
../Core/Src/main.c:775:13:MX_USART1_UART_Init	8	static
../Core/Src/main.c:806:13:MX_DMA_Init	16	static
../Core/Src/main.c:824:13:MX_GPIO_Init	56	static
../Core/Src/main.c:906:6:Error_Handler	4	static,ignoring_inline_asm
