../Core/Src/main.c:95:6:map	24	static
../Core/Src/main.c:99:6:hareket	16	static
../Core/Src/main.c:155:6:HAL_GPIO_EXTI_Callback	16	static
../Core/Src/main.c:226:6:HAL_ADC_ConvCpltCallback	24	static
../Core/Src/main.c:267:5:main	8	static
../Core/Src/main.c:330:6:SystemClock_Config	88	static
../Core/Src/main.c:376:13:MX_ADC1_Init	56	static
../Core/Src/main.c:445:13:MX_ADC2_Init	24	static
../Core/Src/main.c:497:13:MX_CAN1_Init	8	static
../Core/Src/main.c:534:13:MX_DAC_Init	16	static
../Core/Src/main.c:574:13:MX_TIM1_Init	80	static
../Core/Src/main.c:647:13:MX_TIM2_Init	48	static
../Core/Src/main.c:705:13:MX_USART1_UART_Init	8	static
../Core/Src/main.c:736:13:MX_DMA_Init	16	static
../Core/Src/main.c:754:13:MX_GPIO_Init	56	static
../Core/Src/main.c:836:6:Error_Handler	4	static,ignoring_inline_asm
